Archive member included to satisfy reference by file (symbol)

/home/trung/stm32f103c8t6/libopencm3/lib/libopencm3_stm32f1.a(gpio.o)
                              main.o (gpio_set_mode)
/home/trung/stm32f103c8t6/libopencm3/lib/libopencm3_stm32f1.a(gpio_common_all.o)
                              main.o (gpio_toggle)
/home/trung/stm32f103c8t6/libopencm3/lib/libopencm3_stm32f1.a(rcc.o)
                              main.o (rcc_clock_setup_pll)
/home/trung/stm32f103c8t6/libopencm3/lib/libopencm3_stm32f1.a(rcc_common_all.o)
                              main.o (rcc_periph_clock_enable)
/home/trung/stm32f103c8t6/libopencm3/lib/libopencm3_stm32f1.a(vector.o)
                              (reset_handler)
/home/trung/stm32f103c8t6/libopencm3/lib/libopencm3_stm32f1.a(assert.o)
                              /home/trung/stm32f103c8t6/libopencm3/lib/libopencm3_stm32f1.a(rcc.o) (cm3_assert_failed)
/home/trung/stm32f103c8t6/libopencm3/lib/libopencm3_stm32f1.a(flash_common_all.o)
                              /home/trung/stm32f103c8t6/libopencm3/lib/libopencm3_stm32f1.a(rcc.o) (flash_set_ws)

Discarded input sections

 .text          0x00000000        0x0 main.o
 .data          0x00000000        0x0 main.o
 .bss           0x00000000        0x0 main.o
 .text          0x00000000        0x0 rtos/heap_4.o
 .data          0x00000000        0x0 rtos/heap_4.o
 .bss           0x00000000        0x0 rtos/heap_4.o
 .text.xPortGetFreeHeapSize
                0x00000000        0xc rtos/heap_4.o
 .text.xPortGetMinimumEverFreeHeapSize
                0x00000000        0xc rtos/heap_4.o
 .text.vPortInitialiseBlocks
                0x00000000        0x2 rtos/heap_4.o
 .text          0x00000000        0x0 rtos/list.o
 .data          0x00000000        0x0 rtos/list.o
 .bss           0x00000000        0x0 rtos/list.o
 .text          0x00000000        0x0 rtos/port.o
 .data          0x00000000        0x0 rtos/port.o
 .bss           0x00000000        0x0 rtos/port.o
 .text.vPortEndScheduler
                0x00000000        0x2 rtos/port.o
 .text          0x00000000        0x0 rtos/tasks.o
 .data          0x00000000        0x0 rtos/tasks.o
 .bss           0x00000000        0x0 rtos/tasks.o
 .text.vTaskEndScheduler
                0x00000000       0x20 rtos/tasks.o
 .text.xTaskGetTickCount
                0x00000000        0xc rtos/tasks.o
 .text.xTaskGetTickCountFromISR
                0x00000000        0xc rtos/tasks.o
 .text.uxTaskGetNumberOfTasks
                0x00000000        0xc rtos/tasks.o
 .text.pcTaskGetName
                0x00000000       0x10 rtos/tasks.o
 .text.vTaskPlaceOnEventList
                0x00000000       0x1c rtos/tasks.o
 .text.vTaskPlaceOnUnorderedEventList
                0x00000000       0x24 rtos/tasks.o
 .text.xTaskRemoveFromEventList
                0x00000000       0x70 rtos/tasks.o
 .text.xTaskRemoveFromUnorderedEventList
                0x00000000       0x5c rtos/tasks.o
 .text.vTaskSetTimeOutState
                0x00000000       0x18 rtos/tasks.o
 .text.xTaskCheckForTimeOut
                0x00000000       0x48 rtos/tasks.o
 .text.vTaskMissedYield
                0x00000000        0xc rtos/tasks.o
 .text.uxTaskResetEventItemValue
                0x00000000       0x18 rtos/tasks.o
 .text.ulTaskNotifyTake
                0x00000000       0x64 rtos/tasks.o
 .text.xTaskNotifyWait
                0x00000000       0x88 rtos/tasks.o
 .text.xTaskGenericNotify
                0x00000000       0xa4 rtos/tasks.o
 .text.xTaskGenericNotifyFromISR
                0x00000000       0xc4 rtos/tasks.o
 .text.vTaskNotifyGiveFromISR
                0x00000000       0xa0 rtos/tasks.o
 .text.xTaskNotifyStateClear
                0x00000000       0x2c rtos/tasks.o
 .text          0x00000000        0x0 rtos/opencm3.o
 .data          0x00000000        0x0 rtos/opencm3.o
 .bss           0x00000000        0x0 rtos/opencm3.o
 .group         0x00000000        0xc /home/trung/stm32f103c8t6/libopencm3/lib/libopencm3_stm32f1.a(gpio.o)
 .group         0x00000000        0xc /home/trung/stm32f103c8t6/libopencm3/lib/libopencm3_stm32f1.a(gpio.o)
 .group         0x00000000        0xc /home/trung/stm32f103c8t6/libopencm3/lib/libopencm3_stm32f1.a(gpio.o)
 .group         0x00000000        0xc /home/trung/stm32f103c8t6/libopencm3/lib/libopencm3_stm32f1.a(gpio.o)
 .group         0x00000000        0xc /home/trung/stm32f103c8t6/libopencm3/lib/libopencm3_stm32f1.a(gpio.o)
 .group         0x00000000        0xc /home/trung/stm32f103c8t6/libopencm3/lib/libopencm3_stm32f1.a(gpio.o)
 .group         0x00000000        0xc /home/trung/stm32f103c8t6/libopencm3/lib/libopencm3_stm32f1.a(gpio.o)
 .group         0x00000000        0xc /home/trung/stm32f103c8t6/libopencm3/lib/libopencm3_stm32f1.a(gpio.o)
 .group         0x00000000        0xc /home/trung/stm32f103c8t6/libopencm3/lib/libopencm3_stm32f1.a(gpio.o)
 .text          0x00000000        0x0 /home/trung/stm32f103c8t6/libopencm3/lib/libopencm3_stm32f1.a(gpio.o)
 .data          0x00000000        0x0 /home/trung/stm32f103c8t6/libopencm3/lib/libopencm3_stm32f1.a(gpio.o)
 .bss           0x00000000        0x0 /home/trung/stm32f103c8t6/libopencm3/lib/libopencm3_stm32f1.a(gpio.o)
 .text.gpio_set_eventout
                0x00000000       0x10 /home/trung/stm32f103c8t6/libopencm3/lib/libopencm3_stm32f1.a(gpio.o)
 .text.gpio_primary_remap
                0x00000000       0x14 /home/trung/stm32f103c8t6/libopencm3/lib/libopencm3_stm32f1.a(gpio.o)
 .text.gpio_secondary_remap
                0x00000000       0x10 /home/trung/stm32f103c8t6/libopencm3/lib/libopencm3_stm32f1.a(gpio.o)
 .group         0x00000000        0xc /home/trung/stm32f103c8t6/libopencm3/lib/libopencm3_stm32f1.a(gpio_common_all.o)
 .group         0x00000000        0xc /home/trung/stm32f103c8t6/libopencm3/lib/libopencm3_stm32f1.a(gpio_common_all.o)
 .group         0x00000000        0xc /home/trung/stm32f103c8t6/libopencm3/lib/libopencm3_stm32f1.a(gpio_common_all.o)
 .group         0x00000000        0xc /home/trung/stm32f103c8t6/libopencm3/lib/libopencm3_stm32f1.a(gpio_common_all.o)
 .group         0x00000000        0xc /home/trung/stm32f103c8t6/libopencm3/lib/libopencm3_stm32f1.a(gpio_common_all.o)
 .group         0x00000000        0xc /home/trung/stm32f103c8t6/libopencm3/lib/libopencm3_stm32f1.a(gpio_common_all.o)
 .group         0x00000000        0xc /home/trung/stm32f103c8t6/libopencm3/lib/libopencm3_stm32f1.a(gpio_common_all.o)
 .group         0x00000000        0xc /home/trung/stm32f103c8t6/libopencm3/lib/libopencm3_stm32f1.a(gpio_common_all.o)
 .group         0x00000000        0xc /home/trung/stm32f103c8t6/libopencm3/lib/libopencm3_stm32f1.a(gpio_common_all.o)
 .text          0x00000000        0x0 /home/trung/stm32f103c8t6/libopencm3/lib/libopencm3_stm32f1.a(gpio_common_all.o)
 .data          0x00000000        0x0 /home/trung/stm32f103c8t6/libopencm3/lib/libopencm3_stm32f1.a(gpio_common_all.o)
 .bss           0x00000000        0x0 /home/trung/stm32f103c8t6/libopencm3/lib/libopencm3_stm32f1.a(gpio_common_all.o)
 .text.gpio_set
                0x00000000        0x4 /home/trung/stm32f103c8t6/libopencm3/lib/libopencm3_stm32f1.a(gpio_common_all.o)
 .text.gpio_clear
                0x00000000        0x6 /home/trung/stm32f103c8t6/libopencm3/lib/libopencm3_stm32f1.a(gpio_common_all.o)
 .text.gpio_get
                0x00000000        0x6 /home/trung/stm32f103c8t6/libopencm3/lib/libopencm3_stm32f1.a(gpio_common_all.o)
 .text.gpio_port_read
                0x00000000        0x6 /home/trung/stm32f103c8t6/libopencm3/lib/libopencm3_stm32f1.a(gpio_common_all.o)
 .text.gpio_port_write
                0x00000000        0x4 /home/trung/stm32f103c8t6/libopencm3/lib/libopencm3_stm32f1.a(gpio_common_all.o)
 .text.gpio_port_config_lock
                0x00000000       0x10 /home/trung/stm32f103c8t6/libopencm3/lib/libopencm3_stm32f1.a(gpio_common_all.o)
 .debug_macro   0x00000000      0xac0 /home/trung/stm32f103c8t6/libopencm3/lib/libopencm3_stm32f1.a(gpio_common_all.o)
 .debug_macro   0x00000000       0x1c /home/trung/stm32f103c8t6/libopencm3/lib/libopencm3_stm32f1.a(gpio_common_all.o)
 .debug_macro   0x00000000      0x34e /home/trung/stm32f103c8t6/libopencm3/lib/libopencm3_stm32f1.a(gpio_common_all.o)
 .debug_macro   0x00000000       0x22 /home/trung/stm32f103c8t6/libopencm3/lib/libopencm3_stm32f1.a(gpio_common_all.o)
 .debug_macro   0x00000000       0xe8 /home/trung/stm32f103c8t6/libopencm3/lib/libopencm3_stm32f1.a(gpio_common_all.o)
 .debug_macro   0x00000000       0x76 /home/trung/stm32f103c8t6/libopencm3/lib/libopencm3_stm32f1.a(gpio_common_all.o)
 .debug_macro   0x00000000      0x1b4 /home/trung/stm32f103c8t6/libopencm3/lib/libopencm3_stm32f1.a(gpio_common_all.o)
 .debug_macro   0x00000000       0x76 /home/trung/stm32f103c8t6/libopencm3/lib/libopencm3_stm32f1.a(gpio_common_all.o)
 .debug_macro   0x00000000      0xe2e /home/trung/stm32f103c8t6/libopencm3/lib/libopencm3_stm32f1.a(gpio_common_all.o)
 .group         0x00000000        0xc /home/trung/stm32f103c8t6/libopencm3/lib/libopencm3_stm32f1.a(rcc.o)
 .group         0x00000000        0xc /home/trung/stm32f103c8t6/libopencm3/lib/libopencm3_stm32f1.a(rcc.o)
 .group         0x00000000        0xc /home/trung/stm32f103c8t6/libopencm3/lib/libopencm3_stm32f1.a(rcc.o)
 .group         0x00000000        0xc /home/trung/stm32f103c8t6/libopencm3/lib/libopencm3_stm32f1.a(rcc.o)
 .group         0x00000000        0xc /home/trung/stm32f103c8t6/libopencm3/lib/libopencm3_stm32f1.a(rcc.o)
 .group         0x00000000        0xc /home/trung/stm32f103c8t6/libopencm3/lib/libopencm3_stm32f1.a(rcc.o)
 .group         0x00000000        0xc /home/trung/stm32f103c8t6/libopencm3/lib/libopencm3_stm32f1.a(rcc.o)
 .group         0x00000000        0xc /home/trung/stm32f103c8t6/libopencm3/lib/libopencm3_stm32f1.a(rcc.o)
 .group         0x00000000        0xc /home/trung/stm32f103c8t6/libopencm3/lib/libopencm3_stm32f1.a(rcc.o)
 .group         0x00000000        0xc /home/trung/stm32f103c8t6/libopencm3/lib/libopencm3_stm32f1.a(rcc.o)
 .group         0x00000000        0xc /home/trung/stm32f103c8t6/libopencm3/lib/libopencm3_stm32f1.a(rcc.o)
 .text          0x00000000        0x0 /home/trung/stm32f103c8t6/libopencm3/lib/libopencm3_stm32f1.a(rcc.o)
 .data          0x00000000        0x0 /home/trung/stm32f103c8t6/libopencm3/lib/libopencm3_stm32f1.a(rcc.o)
 .bss           0x00000000        0x0 /home/trung/stm32f103c8t6/libopencm3/lib/libopencm3_stm32f1.a(rcc.o)
 .text.rcc_osc_ready_int_clear
                0x00000000       0x5c /home/trung/stm32f103c8t6/libopencm3/lib/libopencm3_stm32f1.a(rcc.o)
 .text.rcc_osc_ready_int_enable
                0x00000000       0x5c /home/trung/stm32f103c8t6/libopencm3/lib/libopencm3_stm32f1.a(rcc.o)
 .text.rcc_osc_ready_int_disable
                0x00000000       0x5c /home/trung/stm32f103c8t6/libopencm3/lib/libopencm3_stm32f1.a(rcc.o)
 .text.rcc_osc_ready_int_flag
                0x00000000       0x54 /home/trung/stm32f103c8t6/libopencm3/lib/libopencm3_stm32f1.a(rcc.o)
 .text.rcc_css_int_clear
                0x00000000       0x10 /home/trung/stm32f103c8t6/libopencm3/lib/libopencm3_stm32f1.a(rcc.o)
 .text.rcc_css_int_flag
                0x00000000       0x10 /home/trung/stm32f103c8t6/libopencm3/lib/libopencm3_stm32f1.a(rcc.o)
 .text.rcc_osc_off
                0x00000000       0x60 /home/trung/stm32f103c8t6/libopencm3/lib/libopencm3_stm32f1.a(rcc.o)
 .text.rcc_css_enable
                0x00000000       0x10 /home/trung/stm32f103c8t6/libopencm3/lib/libopencm3_stm32f1.a(rcc.o)
 .text.rcc_css_disable
                0x00000000       0x10 /home/trung/stm32f103c8t6/libopencm3/lib/libopencm3_stm32f1.a(rcc.o)
 .text.rcc_rtc_clock_enabled_flag
                0x00000000       0x10 /home/trung/stm32f103c8t6/libopencm3/lib/libopencm3_stm32f1.a(rcc.o)
 .text.rcc_enable_rtc_clock
                0x00000000       0x10 /home/trung/stm32f103c8t6/libopencm3/lib/libopencm3_stm32f1.a(rcc.o)
 .text.rcc_set_rtc_clock_source
                0x00000000       0x84 /home/trung/stm32f103c8t6/libopencm3/lib/libopencm3_stm32f1.a(rcc.o)
 .text.rcc_system_clock_source
                0x00000000       0x10 /home/trung/stm32f103c8t6/libopencm3/lib/libopencm3_stm32f1.a(rcc.o)
 .text.rcc_clock_setup_in_hsi_out_64mhz
                0x00000000       0x70 /home/trung/stm32f103c8t6/libopencm3/lib/libopencm3_stm32f1.a(rcc.o)
 .text.rcc_clock_setup_in_hsi_out_48mhz
                0x00000000       0x7c /home/trung/stm32f103c8t6/libopencm3/lib/libopencm3_stm32f1.a(rcc.o)
 .text.rcc_clock_setup_in_hsi_out_24mhz
                0x00000000       0x60 /home/trung/stm32f103c8t6/libopencm3/lib/libopencm3_stm32f1.a(rcc.o)
 .text.rcc_clock_setup_in_hse_8mhz_out_24mhz
                0x00000000       0x78 /home/trung/stm32f103c8t6/libopencm3/lib/libopencm3_stm32f1.a(rcc.o)
 .text.rcc_clock_setup_in_hse_8mhz_out_72mhz
                0x00000000       0x88 /home/trung/stm32f103c8t6/libopencm3/lib/libopencm3_stm32f1.a(rcc.o)
 .text.rcc_clock_setup_in_hse_12mhz_out_72mhz
                0x00000000       0x88 /home/trung/stm32f103c8t6/libopencm3/lib/libopencm3_stm32f1.a(rcc.o)
 .text.rcc_clock_setup_in_hse_16mhz_out_72mhz
                0x00000000       0x88 /home/trung/stm32f103c8t6/libopencm3/lib/libopencm3_stm32f1.a(rcc.o)
 .text.rcc_clock_setup_in_hse_25mhz_out_72mhz
                0x00000000       0xa8 /home/trung/stm32f103c8t6/libopencm3/lib/libopencm3_stm32f1.a(rcc.o)
 .text.rcc_backupdomain_reset
                0x00000000       0x18 /home/trung/stm32f103c8t6/libopencm3/lib/libopencm3_stm32f1.a(rcc.o)
 .text.rcc_get_usart_clk_freq
                0x00000000       0x1c /home/trung/stm32f103c8t6/libopencm3/lib/libopencm3_stm32f1.a(rcc.o)
 .text.rcc_get_timer_clk_freq
                0x00000000       0x34 /home/trung/stm32f103c8t6/libopencm3/lib/libopencm3_stm32f1.a(rcc.o)
 .text.rcc_get_i2c_clk_freq
                0x00000000        0xc /home/trung/stm32f103c8t6/libopencm3/lib/libopencm3_stm32f1.a(rcc.o)
 .rodata.rcc_hsi_configs
                0x00000000       0x54 /home/trung/stm32f103c8t6/libopencm3/lib/libopencm3_stm32f1.a(rcc.o)
 .debug_macro   0x00000000      0xac0 /home/trung/stm32f103c8t6/libopencm3/lib/libopencm3_stm32f1.a(rcc.o)
 .debug_macro   0x00000000       0x1c /home/trung/stm32f103c8t6/libopencm3/lib/libopencm3_stm32f1.a(rcc.o)
 .debug_macro   0x00000000      0x34e /home/trung/stm32f103c8t6/libopencm3/lib/libopencm3_stm32f1.a(rcc.o)
 .debug_macro   0x00000000       0x22 /home/trung/stm32f103c8t6/libopencm3/lib/libopencm3_stm32f1.a(rcc.o)
 .debug_macro   0x00000000       0xe8 /home/trung/stm32f103c8t6/libopencm3/lib/libopencm3_stm32f1.a(rcc.o)
 .debug_macro   0x00000000       0x76 /home/trung/stm32f103c8t6/libopencm3/lib/libopencm3_stm32f1.a(rcc.o)
 .debug_macro   0x00000000      0x1b4 /home/trung/stm32f103c8t6/libopencm3/lib/libopencm3_stm32f1.a(rcc.o)
 .group         0x00000000        0xc /home/trung/stm32f103c8t6/libopencm3/lib/libopencm3_stm32f1.a(rcc_common_all.o)
 .group         0x00000000        0xc /home/trung/stm32f103c8t6/libopencm3/lib/libopencm3_stm32f1.a(rcc_common_all.o)
 .group         0x00000000        0xc /home/trung/stm32f103c8t6/libopencm3/lib/libopencm3_stm32f1.a(rcc_common_all.o)
 .group         0x00000000        0xc /home/trung/stm32f103c8t6/libopencm3/lib/libopencm3_stm32f1.a(rcc_common_all.o)
 .group         0x00000000        0xc /home/trung/stm32f103c8t6/libopencm3/lib/libopencm3_stm32f1.a(rcc_common_all.o)
 .group         0x00000000        0xc /home/trung/stm32f103c8t6/libopencm3/lib/libopencm3_stm32f1.a(rcc_common_all.o)
 .group         0x00000000        0xc /home/trung/stm32f103c8t6/libopencm3/lib/libopencm3_stm32f1.a(rcc_common_all.o)
 .group         0x00000000        0xc /home/trung/stm32f103c8t6/libopencm3/lib/libopencm3_stm32f1.a(rcc_common_all.o)
 .text          0x00000000        0x0 /home/trung/stm32f103c8t6/libopencm3/lib/libopencm3_stm32f1.a(rcc_common_all.o)
 .data          0x00000000        0x0 /home/trung/stm32f103c8t6/libopencm3/lib/libopencm3_stm32f1.a(rcc_common_all.o)
 .bss           0x00000000        0x0 /home/trung/stm32f103c8t6/libopencm3/lib/libopencm3_stm32f1.a(rcc_common_all.o)
 .text.rcc_peripheral_enable_clock
                0x00000000        0x8 /home/trung/stm32f103c8t6/libopencm3/lib/libopencm3_stm32f1.a(rcc_common_all.o)
 .text.rcc_peripheral_disable_clock
                0x00000000        0xa /home/trung/stm32f103c8t6/libopencm3/lib/libopencm3_stm32f1.a(rcc_common_all.o)
 .text.rcc_peripheral_reset
                0x00000000        0x8 /home/trung/stm32f103c8t6/libopencm3/lib/libopencm3_stm32f1.a(rcc_common_all.o)
 .text.rcc_peripheral_clear_reset
                0x00000000        0xa /home/trung/stm32f103c8t6/libopencm3/lib/libopencm3_stm32f1.a(rcc_common_all.o)
 .text.rcc_periph_clock_disable
                0x00000000       0x1c /home/trung/stm32f103c8t6/libopencm3/lib/libopencm3_stm32f1.a(rcc_common_all.o)
 .text.rcc_periph_reset_pulse
                0x00000000       0x22 /home/trung/stm32f103c8t6/libopencm3/lib/libopencm3_stm32f1.a(rcc_common_all.o)
 .text.rcc_periph_reset_hold
                0x00000000        0x4 /home/trung/stm32f103c8t6/libopencm3/lib/libopencm3_stm32f1.a(rcc_common_all.o)
 .text.rcc_periph_reset_release
                0x00000000        0x4 /home/trung/stm32f103c8t6/libopencm3/lib/libopencm3_stm32f1.a(rcc_common_all.o)
 .text.rcc_set_mco
                0x00000000       0x14 /home/trung/stm32f103c8t6/libopencm3/lib/libopencm3_stm32f1.a(rcc_common_all.o)
 .text.rcc_osc_bypass_enable
                0x00000000       0x28 /home/trung/stm32f103c8t6/libopencm3/lib/libopencm3_stm32f1.a(rcc_common_all.o)
 .text.rcc_osc_bypass_disable
                0x00000000       0x28 /home/trung/stm32f103c8t6/libopencm3/lib/libopencm3_stm32f1.a(rcc_common_all.o)
 .text.rcc_get_div_from_hpre
                0x00000000       0x18 /home/trung/stm32f103c8t6/libopencm3/lib/libopencm3_stm32f1.a(rcc_common_all.o)
 .debug_macro   0x00000000      0xac0 /home/trung/stm32f103c8t6/libopencm3/lib/libopencm3_stm32f1.a(rcc_common_all.o)
 .debug_macro   0x00000000       0x1c /home/trung/stm32f103c8t6/libopencm3/lib/libopencm3_stm32f1.a(rcc_common_all.o)
 .debug_macro   0x00000000      0x34e /home/trung/stm32f103c8t6/libopencm3/lib/libopencm3_stm32f1.a(rcc_common_all.o)
 .debug_macro   0x00000000       0x22 /home/trung/stm32f103c8t6/libopencm3/lib/libopencm3_stm32f1.a(rcc_common_all.o)
 .debug_macro   0x00000000       0xe8 /home/trung/stm32f103c8t6/libopencm3/lib/libopencm3_stm32f1.a(rcc_common_all.o)
 .debug_macro   0x00000000       0x76 /home/trung/stm32f103c8t6/libopencm3/lib/libopencm3_stm32f1.a(rcc_common_all.o)
 .debug_macro   0x00000000      0x1b4 /home/trung/stm32f103c8t6/libopencm3/lib/libopencm3_stm32f1.a(rcc_common_all.o)
 .debug_macro   0x00000000      0x8c6 /home/trung/stm32f103c8t6/libopencm3/lib/libopencm3_stm32f1.a(rcc_common_all.o)
 .group         0x00000000        0xc /home/trung/stm32f103c8t6/libopencm3/lib/libopencm3_stm32f1.a(vector.o)
 .group         0x00000000        0xc /home/trung/stm32f103c8t6/libopencm3/lib/libopencm3_stm32f1.a(vector.o)
 .group         0x00000000        0xc /home/trung/stm32f103c8t6/libopencm3/lib/libopencm3_stm32f1.a(vector.o)
 .group         0x00000000        0xc /home/trung/stm32f103c8t6/libopencm3/lib/libopencm3_stm32f1.a(vector.o)
 .group         0x00000000        0xc /home/trung/stm32f103c8t6/libopencm3/lib/libopencm3_stm32f1.a(vector.o)
 .group         0x00000000        0xc /home/trung/stm32f103c8t6/libopencm3/lib/libopencm3_stm32f1.a(vector.o)
 .group         0x00000000        0xc /home/trung/stm32f103c8t6/libopencm3/lib/libopencm3_stm32f1.a(vector.o)
 .group         0x00000000        0xc /home/trung/stm32f103c8t6/libopencm3/lib/libopencm3_stm32f1.a(vector.o)
 .group         0x00000000        0xc /home/trung/stm32f103c8t6/libopencm3/lib/libopencm3_stm32f1.a(vector.o)
 .text          0x00000000        0x0 /home/trung/stm32f103c8t6/libopencm3/lib/libopencm3_stm32f1.a(vector.o)
 .data          0x00000000        0x0 /home/trung/stm32f103c8t6/libopencm3/lib/libopencm3_stm32f1.a(vector.o)
 .bss           0x00000000        0x0 /home/trung/stm32f103c8t6/libopencm3/lib/libopencm3_stm32f1.a(vector.o)
 .debug_macro   0x00000000      0xac0 /home/trung/stm32f103c8t6/libopencm3/lib/libopencm3_stm32f1.a(vector.o)
 .debug_macro   0x00000000       0x76 /home/trung/stm32f103c8t6/libopencm3/lib/libopencm3_stm32f1.a(vector.o)
 .debug_macro   0x00000000       0x1c /home/trung/stm32f103c8t6/libopencm3/lib/libopencm3_stm32f1.a(vector.o)
 .debug_macro   0x00000000      0x34e /home/trung/stm32f103c8t6/libopencm3/lib/libopencm3_stm32f1.a(vector.o)
 .debug_macro   0x00000000       0x22 /home/trung/stm32f103c8t6/libopencm3/lib/libopencm3_stm32f1.a(vector.o)
 .debug_macro   0x00000000       0xe8 /home/trung/stm32f103c8t6/libopencm3/lib/libopencm3_stm32f1.a(vector.o)
 .group         0x00000000        0xc /home/trung/stm32f103c8t6/libopencm3/lib/libopencm3_stm32f1.a(assert.o)
 .group         0x00000000        0xc /home/trung/stm32f103c8t6/libopencm3/lib/libopencm3_stm32f1.a(assert.o)
 .group         0x00000000        0xc /home/trung/stm32f103c8t6/libopencm3/lib/libopencm3_stm32f1.a(assert.o)
 .group         0x00000000        0xc /home/trung/stm32f103c8t6/libopencm3/lib/libopencm3_stm32f1.a(assert.o)
 .group         0x00000000        0xc /home/trung/stm32f103c8t6/libopencm3/lib/libopencm3_stm32f1.a(assert.o)
 .group         0x00000000        0xc /home/trung/stm32f103c8t6/libopencm3/lib/libopencm3_stm32f1.a(assert.o)
 .text          0x00000000        0x0 /home/trung/stm32f103c8t6/libopencm3/lib/libopencm3_stm32f1.a(assert.o)
 .data          0x00000000        0x0 /home/trung/stm32f103c8t6/libopencm3/lib/libopencm3_stm32f1.a(assert.o)
 .bss           0x00000000        0x0 /home/trung/stm32f103c8t6/libopencm3/lib/libopencm3_stm32f1.a(assert.o)
 .text.cm3_assert_failed
                0x00000000        0x2 /home/trung/stm32f103c8t6/libopencm3/lib/libopencm3_stm32f1.a(assert.o)
 .text.cm3_assert_failed_verbose
                0x00000000        0x6 /home/trung/stm32f103c8t6/libopencm3/lib/libopencm3_stm32f1.a(assert.o)
 .debug_info    0x00000000      0x101 /home/trung/stm32f103c8t6/libopencm3/lib/libopencm3_stm32f1.a(assert.o)
 .debug_abbrev  0x00000000       0x94 /home/trung/stm32f103c8t6/libopencm3/lib/libopencm3_stm32f1.a(assert.o)
 .debug_loclists
                0x00000000       0x80 /home/trung/stm32f103c8t6/libopencm3/lib/libopencm3_stm32f1.a(assert.o)
 .debug_aranges
                0x00000000       0x28 /home/trung/stm32f103c8t6/libopencm3/lib/libopencm3_stm32f1.a(assert.o)
 .debug_rnglists
                0x00000000       0x19 /home/trung/stm32f103c8t6/libopencm3/lib/libopencm3_stm32f1.a(assert.o)
 .debug_macro   0x00000000       0x40 /home/trung/stm32f103c8t6/libopencm3/lib/libopencm3_stm32f1.a(assert.o)
 .debug_macro   0x00000000      0xac0 /home/trung/stm32f103c8t6/libopencm3/lib/libopencm3_stm32f1.a(assert.o)
 .debug_macro   0x00000000       0x1c /home/trung/stm32f103c8t6/libopencm3/lib/libopencm3_stm32f1.a(assert.o)
 .debug_macro   0x00000000      0x34e /home/trung/stm32f103c8t6/libopencm3/lib/libopencm3_stm32f1.a(assert.o)
 .debug_macro   0x00000000       0x22 /home/trung/stm32f103c8t6/libopencm3/lib/libopencm3_stm32f1.a(assert.o)
 .debug_macro   0x00000000       0xe8 /home/trung/stm32f103c8t6/libopencm3/lib/libopencm3_stm32f1.a(assert.o)
 .debug_macro   0x00000000       0x16 /home/trung/stm32f103c8t6/libopencm3/lib/libopencm3_stm32f1.a(assert.o)
 .debug_line    0x00000000       0xdf /home/trung/stm32f103c8t6/libopencm3/lib/libopencm3_stm32f1.a(assert.o)
 .debug_str     0x00000000     0x3df7 /home/trung/stm32f103c8t6/libopencm3/lib/libopencm3_stm32f1.a(assert.o)
 .comment       0x00000000       0x27 /home/trung/stm32f103c8t6/libopencm3/lib/libopencm3_stm32f1.a(assert.o)
 .debug_frame   0x00000000       0x38 /home/trung/stm32f103c8t6/libopencm3/lib/libopencm3_stm32f1.a(assert.o)
 .ARM.attributes
                0x00000000       0x2d /home/trung/stm32f103c8t6/libopencm3/lib/libopencm3_stm32f1.a(assert.o)
 .group         0x00000000        0xc /home/trung/stm32f103c8t6/libopencm3/lib/libopencm3_stm32f1.a(flash_common_all.o)
 .group         0x00000000        0xc /home/trung/stm32f103c8t6/libopencm3/lib/libopencm3_stm32f1.a(flash_common_all.o)
 .group         0x00000000        0xc /home/trung/stm32f103c8t6/libopencm3/lib/libopencm3_stm32f1.a(flash_common_all.o)
 .group         0x00000000        0xc /home/trung/stm32f103c8t6/libopencm3/lib/libopencm3_stm32f1.a(flash_common_all.o)
 .group         0x00000000        0xc /home/trung/stm32f103c8t6/libopencm3/lib/libopencm3_stm32f1.a(flash_common_all.o)
 .group         0x00000000        0xc /home/trung/stm32f103c8t6/libopencm3/lib/libopencm3_stm32f1.a(flash_common_all.o)
 .group         0x00000000        0xc /home/trung/stm32f103c8t6/libopencm3/lib/libopencm3_stm32f1.a(flash_common_all.o)
 .group         0x00000000        0xc /home/trung/stm32f103c8t6/libopencm3/lib/libopencm3_stm32f1.a(flash_common_all.o)
 .group         0x00000000        0xc /home/trung/stm32f103c8t6/libopencm3/lib/libopencm3_stm32f1.a(flash_common_all.o)
 .text          0x00000000        0x0 /home/trung/stm32f103c8t6/libopencm3/lib/libopencm3_stm32f1.a(flash_common_all.o)
 .data          0x00000000        0x0 /home/trung/stm32f103c8t6/libopencm3/lib/libopencm3_stm32f1.a(flash_common_all.o)
 .bss           0x00000000        0x0 /home/trung/stm32f103c8t6/libopencm3/lib/libopencm3_stm32f1.a(flash_common_all.o)
 .text.flash_prefetch_enable
                0x00000000       0x10 /home/trung/stm32f103c8t6/libopencm3/lib/libopencm3_stm32f1.a(flash_common_all.o)
 .text.flash_prefetch_disable
                0x00000000       0x10 /home/trung/stm32f103c8t6/libopencm3/lib/libopencm3_stm32f1.a(flash_common_all.o)
 .text.flash_unlock_option_bytes
                0x00000000       0x18 /home/trung/stm32f103c8t6/libopencm3/lib/libopencm3_stm32f1.a(flash_common_all.o)
 .debug_macro   0x00000000      0xac0 /home/trung/stm32f103c8t6/libopencm3/lib/libopencm3_stm32f1.a(flash_common_all.o)
 .debug_macro   0x00000000       0x1c /home/trung/stm32f103c8t6/libopencm3/lib/libopencm3_stm32f1.a(flash_common_all.o)
 .debug_macro   0x00000000      0x34e /home/trung/stm32f103c8t6/libopencm3/lib/libopencm3_stm32f1.a(flash_common_all.o)
 .debug_macro   0x00000000       0x22 /home/trung/stm32f103c8t6/libopencm3/lib/libopencm3_stm32f1.a(flash_common_all.o)
 .debug_macro   0x00000000       0xe8 /home/trung/stm32f103c8t6/libopencm3/lib/libopencm3_stm32f1.a(flash_common_all.o)
 .debug_macro   0x00000000       0x76 /home/trung/stm32f103c8t6/libopencm3/lib/libopencm3_stm32f1.a(flash_common_all.o)
 .debug_macro   0x00000000      0x1b4 /home/trung/stm32f103c8t6/libopencm3/lib/libopencm3_stm32f1.a(flash_common_all.o)
 .debug_macro   0x00000000       0xee /home/trung/stm32f103c8t6/libopencm3/lib/libopencm3_stm32f1.a(flash_common_all.o)
 .debug_macro   0x00000000       0x82 /home/trung/stm32f103c8t6/libopencm3/lib/libopencm3_stm32f1.a(flash_common_all.o)

Memory Configuration

Name             Origin             Length             Attributes
rom              0x08000000         0x00010000         xr
ram              0x20000000         0x00005000         xrw
*default*        0x00000000         0xffffffff

Linker script and memory map

LOAD main.o
LOAD rtos/heap_4.o
LOAD rtos/list.o
LOAD rtos/port.o
LOAD rtos/tasks.o
LOAD rtos/opencm3.o
START GROUP
LOAD /usr/lib/gcc/arm-none-eabi/13.2.1/../../../arm-none-eabi/lib/thumb/v7-m/nofp/libc.a
LOAD /usr/lib/gcc/arm-none-eabi/13.2.1/thumb/v7-m/nofp/libgcc.a
LOAD /usr/lib/gcc/arm-none-eabi/13.2.1/../../../arm-none-eabi/lib/thumb/v7-m/nofp/libnosys.a
END GROUP
LOAD /home/trung/stm32f103c8t6//rtos/libwwg/libwwg.a
LOAD /home/trung/stm32f103c8t6/libopencm3/lib/libopencm3_stm32f1.a
START GROUP
LOAD /usr/lib/gcc/arm-none-eabi/13.2.1/thumb/v7-m/nofp/libgcc.a
LOAD /usr/lib/gcc/arm-none-eabi/13.2.1/../../../arm-none-eabi/lib/thumb/v7-m/nofp/libc.a
END GROUP
START GROUP
LOAD /usr/lib/gcc/arm-none-eabi/13.2.1/thumb/v7-m/nofp/libgcc.a
LOAD /usr/lib/gcc/arm-none-eabi/13.2.1/../../../arm-none-eabi/lib/thumb/v7-m/nofp/libc.a
LOAD /usr/lib/gcc/arm-none-eabi/13.2.1/../../../arm-none-eabi/lib/thumb/v7-m/nofp/libnosys.a
END GROUP

.text           0x08000000      0xf0c
 *(.vectors)
 .vectors       0x08000000      0x150 /home/trung/stm32f103c8t6/libopencm3/lib/libopencm3_stm32f1.a(vector.o)
                0x08000000                vector_table
 *(.text*)
 .text.task1    0x08000150       0x1c main.o
 .text.vApplicationStackOverflowHook
                0x0800016c        0x2 main.o
                0x0800016c                vApplicationStackOverflowHook
 *fill*         0x0800016e        0x2 
 .text.startup.main
                0x08000170       0x48 main.o
                0x08000170                main
 .text.prvInsertBlockIntoFreeList
                0x080001b8       0x4c rtos/heap_4.o
 .text.pvPortMalloc
                0x08000204       0xf4 rtos/heap_4.o
                0x08000204                pvPortMalloc
 .text.vPortFree
                0x080002f8       0x4c rtos/heap_4.o
                0x080002f8                vPortFree
 .text.vListInitialise
                0x08000344       0x16 rtos/list.o
                0x08000344                vListInitialise
 .text.vListInitialiseItem
                0x0800035a        0x6 rtos/list.o
                0x0800035a                vListInitialiseItem
 .text.vListInsertEnd
                0x08000360       0x16 rtos/list.o
                0x08000360                vListInsertEnd
 .text.vListInsert
                0x08000376       0x2e rtos/list.o
                0x08000376                vListInsert
 .text.uxListRemove
                0x080003a4       0x1e rtos/list.o
                0x080003a4                uxListRemove
 .text.prvTaskExitError
                0x080003c2       0x12 rtos/port.o
 .text.prvPortStartFirstTask
                0x080003d4       0x20 rtos/port.o
 .text.pxPortInitialiseStack
                0x080003f4       0x24 rtos/port.o
                0x080003f4                pxPortInitialiseStack
 *fill*         0x08000418        0x8 
 .text.vPortSVCHandler
                0x08000420       0x24 rtos/port.o
                0x08000420                vPortSVCHandler
 .text.vPortEnterCritical
                0x08000444       0x20 rtos/port.o
                0x08000444                vPortEnterCritical
 .text.vPortExitCritical
                0x08000464       0x14 rtos/port.o
                0x08000464                vPortExitCritical
 *fill*         0x08000478        0x8 
 .text.xPortPendSVHandler
                0x08000480       0x44 rtos/port.o
                0x08000480                xPortPendSVHandler
 .text.xPortSysTickHandler
                0x080004c4       0x2c rtos/port.o
                0x080004c4                xPortSysTickHandler
 .text.vPortSetupTimerInterrupt
                0x080004f0       0x10 rtos/port.o
                0x080004f0                vPortSetupTimerInterrupt
 .text.xPortStartScheduler
                0x08000500       0x34 rtos/port.o
                0x08000500                xPortStartScheduler
 .text.prvIdleTask
                0x08000534       0x24 rtos/tasks.o
 .text.prvResetNextTaskUnblockTime
                0x08000558       0x24 rtos/tasks.o
 .text.prvAddCurrentTaskToDelayedList.isra.0
                0x0800057c       0x70 rtos/tasks.o
 .text.xTaskCreate
                0x080005ec      0x198 rtos/tasks.o
                0x080005ec                xTaskCreate
 .text.vTaskStartScheduler
                0x08000784       0x60 rtos/tasks.o
                0x08000784                vTaskStartScheduler
 .text.vTaskSuspendAll
                0x080007e4       0x10 rtos/tasks.o
                0x080007e4                vTaskSuspendAll
 .text.xTaskIncrementTick
                0x080007f4      0x11c rtos/tasks.o
                0x080007f4                xTaskIncrementTick
 .text.xTaskResumeAll
                0x08000910       0xd8 rtos/tasks.o
                0x08000910                xTaskResumeAll
 .text.vTaskDelay
                0x080009e8       0x2c rtos/tasks.o
                0x080009e8                vTaskDelay
 .text.vTaskSwitchContext
                0x08000a14       0x78 rtos/tasks.o
                0x08000a14                vTaskSwitchContext
 .text.sv_call_handler
                0x08000a8c        0x4 rtos/opencm3.o
                0x08000a8c                sv_call_handler
 .text.pend_sv_handler
                0x08000a90        0x4 rtos/opencm3.o
                0x08000a90                pend_sv_handler
 .text.sys_tick_handler
                0x08000a94        0x4 rtos/opencm3.o
                0x08000a94                sys_tick_handler
 .text.gpio_set_mode
                0x08000a98       0x5e /home/trung/stm32f103c8t6/libopencm3/lib/libopencm3_stm32f1.a(gpio.o)
                0x08000a98                gpio_set_mode
 .text.gpio_toggle
                0x08000af6       0x12 /home/trung/stm32f103c8t6/libopencm3/lib/libopencm3_stm32f1.a(gpio_common_all.o)
                0x08000af6                gpio_toggle
 .text.rcc_is_osc_ready
                0x08000b08       0x58 /home/trung/stm32f103c8t6/libopencm3/lib/libopencm3_stm32f1.a(rcc.o)
                0x08000b08                rcc_is_osc_ready
 .text.rcc_wait_for_osc_ready
                0x08000b60       0x10 /home/trung/stm32f103c8t6/libopencm3/lib/libopencm3_stm32f1.a(rcc.o)
                0x08000b60                rcc_wait_for_osc_ready
 .text.rcc_osc_on
                0x08000b70       0x60 /home/trung/stm32f103c8t6/libopencm3/lib/libopencm3_stm32f1.a(rcc.o)
                0x08000b70                rcc_osc_on
 .text.rcc_set_sysclk_source
                0x08000bd0       0x14 /home/trung/stm32f103c8t6/libopencm3/lib/libopencm3_stm32f1.a(rcc.o)
                0x08000bd0                rcc_set_sysclk_source
 .text.rcc_set_pll_multiplication_factor
                0x08000be4       0x14 /home/trung/stm32f103c8t6/libopencm3/lib/libopencm3_stm32f1.a(rcc.o)
                0x08000be4                rcc_set_pll_multiplication_factor
 .text.rcc_set_pll2_multiplication_factor
                0x08000bf8       0x14 /home/trung/stm32f103c8t6/libopencm3/lib/libopencm3_stm32f1.a(rcc.o)
                0x08000bf8                rcc_set_pll2_multiplication_factor
 .text.rcc_set_pll3_multiplication_factor
                0x08000c0c       0x14 /home/trung/stm32f103c8t6/libopencm3/lib/libopencm3_stm32f1.a(rcc.o)
                0x08000c0c                rcc_set_pll3_multiplication_factor
 .text.rcc_set_pll_source
                0x08000c20       0x14 /home/trung/stm32f103c8t6/libopencm3/lib/libopencm3_stm32f1.a(rcc.o)
                0x08000c20                rcc_set_pll_source
 .text.rcc_set_pllxtpre
                0x08000c34       0x14 /home/trung/stm32f103c8t6/libopencm3/lib/libopencm3_stm32f1.a(rcc.o)
                0x08000c34                rcc_set_pllxtpre
 .text.rcc_set_adcpre
                0x08000c48       0x14 /home/trung/stm32f103c8t6/libopencm3/lib/libopencm3_stm32f1.a(rcc.o)
                0x08000c48                rcc_set_adcpre
 .text.rcc_set_ppre2
                0x08000c5c       0x14 /home/trung/stm32f103c8t6/libopencm3/lib/libopencm3_stm32f1.a(rcc.o)
                0x08000c5c                rcc_set_ppre2
 .text.rcc_set_ppre1
                0x08000c70       0x14 /home/trung/stm32f103c8t6/libopencm3/lib/libopencm3_stm32f1.a(rcc.o)
                0x08000c70                rcc_set_ppre1
 .text.rcc_set_hpre
                0x08000c84       0x14 /home/trung/stm32f103c8t6/libopencm3/lib/libopencm3_stm32f1.a(rcc.o)
                0x08000c84                rcc_set_hpre
 .text.rcc_set_usbpre
                0x08000c98       0x18 /home/trung/stm32f103c8t6/libopencm3/lib/libopencm3_stm32f1.a(rcc.o)
                0x08000c98                rcc_set_usbpre
 .text.rcc_set_prediv1
                0x08000cb0       0x14 /home/trung/stm32f103c8t6/libopencm3/lib/libopencm3_stm32f1.a(rcc.o)
                0x08000cb0                rcc_set_prediv1
 .text.rcc_set_prediv2
                0x08000cc4       0x14 /home/trung/stm32f103c8t6/libopencm3/lib/libopencm3_stm32f1.a(rcc.o)
                0x08000cc4                rcc_set_prediv2
 .text.rcc_set_prediv1_source
                0x08000cd8       0x18 /home/trung/stm32f103c8t6/libopencm3/lib/libopencm3_stm32f1.a(rcc.o)
                0x08000cd8                rcc_set_prediv1_source
 .text.rcc_clock_setup_pll
                0x08000cf0       0xbc /home/trung/stm32f103c8t6/libopencm3/lib/libopencm3_stm32f1.a(rcc.o)
                0x08000cf0                rcc_clock_setup_pll
 .text.rcc_periph_clock_enable
                0x08000dac       0x1a /home/trung/stm32f103c8t6/libopencm3/lib/libopencm3_stm32f1.a(rcc_common_all.o)
                0x08000dac                rcc_periph_clock_enable
 .text.blocking_handler
                0x08000dc6        0x2 /home/trung/stm32f103c8t6/libopencm3/lib/libopencm3_stm32f1.a(vector.o)
                0x08000dc6                usart3_isr
                0x08000dc6                rtc_isr
                0x08000dc6                tim7_isr
                0x08000dc6                adc1_2_isr
                0x08000dc6                tim1_trg_com_isr
                0x08000dc6                usb_hp_can_tx_isr
                0x08000dc6                tim6_isr
                0x08000dc6                usb_wakeup_isr
                0x08000dc6                blocking_handler
                0x08000dc6                tim5_isr
                0x08000dc6                otg_fs_isr
                0x08000dc6                spi1_isr
                0x08000dc6                exti2_isr
                0x08000dc6                dma1_channel6_isr
                0x08000dc6                can_rx1_isr
                0x08000dc6                dma1_channel5_isr
                0x08000dc6                dma2_channel5_isr
                0x08000dc6                usart1_isr
                0x08000dc6                usage_fault_handler
                0x08000dc6                tim8_trg_com_isr
                0x08000dc6                can2_rx0_isr
                0x08000dc6                tim1_brk_isr
                0x08000dc6                can2_rx1_isr
                0x08000dc6                tim1_cc_isr
                0x08000dc6                sdio_isr
                0x08000dc6                eth_isr
                0x08000dc6                dma1_channel4_isr
                0x08000dc6                tim8_brk_isr
                0x08000dc6                dma2_channel4_5_isr
                0x08000dc6                pvd_isr
                0x08000dc6                rcc_isr
                0x08000dc6                flash_isr
                0x08000dc6                uart4_isr
                0x08000dc6                rtc_alarm_isr
                0x08000dc6                exti15_10_isr
                0x08000dc6                hard_fault_handler
                0x08000dc6                exti1_isr
                0x08000dc6                i2c1_ev_isr
                0x08000dc6                dma2_channel1_isr
                0x08000dc6                spi2_isr
                0x08000dc6                tim8_up_isr
                0x08000dc6                dma2_channel2_isr
                0x08000dc6                exti3_isr
                0x08000dc6                adc3_isr
                0x08000dc6                tim3_isr
                0x08000dc6                usart2_isr
                0x08000dc6                usb_lp_can_rx0_isr
                0x08000dc6                i2c2_er_isr
                0x08000dc6                i2c2_ev_isr
                0x08000dc6                uart5_isr
                0x08000dc6                fsmc_isr
                0x08000dc6                dma1_channel1_isr
                0x08000dc6                exti4_isr
                0x08000dc6                mem_manage_handler
                0x08000dc6                can2_tx_isr
                0x08000dc6                exti9_5_isr
                0x08000dc6                dma2_channel3_isr
                0x08000dc6                dma1_channel7_isr
                0x08000dc6                tim1_up_isr
                0x08000dc6                can2_sce_isr
                0x08000dc6                tim4_isr
                0x08000dc6                dma1_channel2_isr
                0x08000dc6                i2c1_er_isr
                0x08000dc6                can_sce_isr
                0x08000dc6                tim8_cc_isr
                0x08000dc6                tamper_isr
                0x08000dc6                eth_wkup_isr
                0x08000dc6                bus_fault_handler
                0x08000dc6                wwdg_isr
                0x08000dc6                dma1_channel3_isr
                0x08000dc6                spi3_isr
                0x08000dc6                tim2_isr
                0x08000dc6                exti0_isr
 .text.null_handler
                0x08000dc8        0x2 /home/trung/stm32f103c8t6/libopencm3/lib/libopencm3_stm32f1.a(vector.o)
                0x08000dc8                null_handler
                0x08000dc8                debug_monitor_handler
                0x08000dc8                nmi_handler
 *fill*         0x08000dca        0x2 
 .text.reset_handler
                0x08000dcc       0x94 /home/trung/stm32f103c8t6/libopencm3/lib/libopencm3_stm32f1.a(vector.o)
                0x08000dcc                reset_handler
 .text.flash_set_ws
                0x08000e60       0x14 /home/trung/stm32f103c8t6/libopencm3/lib/libopencm3_stm32f1.a(flash_common_all.o)
                0x08000e60                flash_set_ws
                0x08000e74                        . = ALIGN (0x4)
 *(.rodata*)
 .rodata.main.str1.1
                0x08000e74        0x9 main.o
                                  0x4 (size before relaxing)
 .rodata.vTaskStartScheduler.str1.1
                0x08000e7d        0x5 rtos/tasks.o
 *fill*         0x08000e7d        0x3 
 .rodata.rcc_hse_configs
                0x08000e80       0x8c /home/trung/stm32f103c8t6/libopencm3/lib/libopencm3_stm32f1.a(rcc.o)
                0x08000e80                rcc_hse_configs
                0x08000f0c                        . = ALIGN (0x4)

.glue_7         0x08000f0c        0x0
 .glue_7        0x08000f0c        0x0 linker stubs

.glue_7t        0x08000f0c        0x0
 .glue_7t       0x08000f0c        0x0 linker stubs

.vfp11_veneer   0x08000f0c        0x0
 .vfp11_veneer  0x08000f0c        0x0 linker stubs

.v4_bx          0x08000f0c        0x0
 .v4_bx         0x08000f0c        0x0 linker stubs

.iplt           0x08000f0c        0x0
 .iplt          0x08000f0c        0x0 main.o

.rel.dyn        0x08000f0c        0x0
 .rel.iplt      0x08000f0c        0x0 main.o

.preinit_array  0x08000f0c        0x0
                0x08000f0c                        . = ALIGN (0x4)
                0x08000f0c                        __preinit_array_start = .
 *(.preinit_array)
                0x08000f0c                        __preinit_array_end = .

.init_array     0x08000f0c        0x0
                0x08000f0c                        . = ALIGN (0x4)
                0x08000f0c                        __init_array_start = .
 *(SORT_BY_NAME(.init_array.*))
 *(.init_array)
                0x08000f0c                        __init_array_end = .

.fini_array     0x08000f0c        0x0
                0x08000f0c                        . = ALIGN (0x4)
                0x08000f0c                        __fini_array_start = .
 *(.fini_array)
 *(SORT_BY_NAME(.fini_array.*))
                0x08000f0c                        __fini_array_end = .

.ARM.extab
 *(.ARM.extab*)

.ARM.exidx      0x08000f0c        0x0
                0x08000f0c                        __exidx_start = .
 *(.ARM.exidx*)
                0x08000f0c                        __exidx_end = .
                0x08000f0c                        . = ALIGN (0x4)
                0x08000f0c                        _etext = .

.data           0x20000000       0x10 load address 0x08000f0c
                0x20000000                        _data = .
 *(.data*)
 .data.uxCriticalNesting
                0x20000000        0x4 rtos/port.o
 .data.rcc_ahb_frequency
                0x20000004        0x4 /home/trung/stm32f103c8t6/libopencm3/lib/libopencm3_stm32f1.a(rcc.o)
                0x20000004                rcc_ahb_frequency
 .data.rcc_apb2_frequency
                0x20000008        0x4 /home/trung/stm32f103c8t6/libopencm3/lib/libopencm3_stm32f1.a(rcc.o)
                0x20000008                rcc_apb2_frequency
 .data.rcc_apb1_frequency
                0x2000000c        0x4 /home/trung/stm32f103c8t6/libopencm3/lib/libopencm3_stm32f1.a(rcc.o)
                0x2000000c                rcc_apb1_frequency
                0x20000010                        . = ALIGN (0x4)
                0x20000010                        _edata = .
                0x08000f0c                        _data_loadaddr = LOADADDR (.data)

.igot.plt       0x20000010        0x0 load address 0x08000f1c
 .igot.plt      0x20000010        0x0 main.o

.bss            0x20000010     0x44f0 load address 0x08000f1c
 *(.bss*)
 .bss.xBlockAllocatedBit
                0x20000010        0x4 rtos/heap_4.o
 .bss.xMinimumEverFreeBytesRemaining
                0x20000014        0x4 rtos/heap_4.o
 .bss.xFreeBytesRemaining
                0x20000018        0x4 rtos/heap_4.o
 .bss.pxEnd     0x2000001c        0x4 rtos/heap_4.o
 .bss.xStart    0x20000020        0x8 rtos/heap_4.o
 .bss.ucHeap    0x20000028     0x4400 rtos/heap_4.o
 .bss.uxSchedulerSuspended
                0x20004428        0x4 rtos/tasks.o
 .bss.xIdleTaskHandle
                0x2000442c        0x4 rtos/tasks.o
 .bss.xNextTaskUnblockTime
                0x20004430        0x4 rtos/tasks.o
 .bss.uxTaskNumber
                0x20004434        0x4 rtos/tasks.o
 .bss.xNumOfOverflows
                0x20004438        0x4 rtos/tasks.o
 .bss.xYieldPending
                0x2000443c        0x4 rtos/tasks.o
 .bss.uxPendedTicks
                0x20004440        0x4 rtos/tasks.o
 .bss.xSchedulerRunning
                0x20004444        0x4 rtos/tasks.o
 .bss.uxTopReadyPriority
                0x20004448        0x4 rtos/tasks.o
 .bss.xTickCount
                0x2000444c        0x4 rtos/tasks.o
 .bss.uxCurrentNumberOfTasks
                0x20004450        0x4 rtos/tasks.o
 .bss.xPendingReadyList
                0x20004454       0x14 rtos/tasks.o
 .bss.pxOverflowDelayedTaskList
                0x20004468        0x4 rtos/tasks.o
 .bss.pxDelayedTaskList
                0x2000446c        0x4 rtos/tasks.o
 .bss.xDelayedTaskList2
                0x20004470       0x14 rtos/tasks.o
 .bss.xDelayedTaskList1
                0x20004484       0x14 rtos/tasks.o
 .bss.pxReadyTasksLists
                0x20004498       0x64 rtos/tasks.o
 .bss.pxCurrentTCB
                0x200044fc        0x4 rtos/tasks.o
                0x200044fc                pxCurrentTCB
 *(COMMON)
                0x20004500                        . = ALIGN (0x4)
                0x20004500                        _ebss = .

/DISCARD/
 *(.eh_frame)
                0x20004500                        . = ALIGN (0x4)
                0x20004500                        end = .
                0x20005000                        PROVIDE (_stack = (ORIGIN (ram) + LENGTH (ram)))
OUTPUT(main.elf elf32-littlearm)
LOAD linker stubs

.debug_info     0x00000000     0x4a09
 .debug_info    0x00000000      0x5d2 main.o
 .debug_info    0x000005d2      0x417 rtos/heap_4.o
 .debug_info    0x000009e9      0x2a2 rtos/list.o
 .debug_info    0x00000c8b      0x30a rtos/port.o
 .debug_info    0x00000f95     0x1752 rtos/tasks.o
 .debug_info    0x000026e7       0xde rtos/opencm3.o
 .debug_info    0x000027c5      0x1d1 /home/trung/stm32f103c8t6/libopencm3/lib/libopencm3_stm32f1.a(gpio.o)
 .debug_info    0x00002996      0x23a /home/trung/stm32f103c8t6/libopencm3/lib/libopencm3_stm32f1.a(gpio_common_all.o)
 .debug_info    0x00002bd0     0x14b6 /home/trung/stm32f103c8t6/libopencm3/lib/libopencm3_stm32f1.a(rcc.o)
 .debug_info    0x00004086      0x5e6 /home/trung/stm32f103c8t6/libopencm3/lib/libopencm3_stm32f1.a(rcc_common_all.o)
 .debug_info    0x0000466c      0x2b8 /home/trung/stm32f103c8t6/libopencm3/lib/libopencm3_stm32f1.a(vector.o)
 .debug_info    0x00004924       0xe5 /home/trung/stm32f103c8t6/libopencm3/lib/libopencm3_stm32f1.a(flash_common_all.o)

.debug_abbrev   0x00000000     0x13c7
 .debug_abbrev  0x00000000      0x1b5 main.o
 .debug_abbrev  0x000001b5      0x243 rtos/heap_4.o
 .debug_abbrev  0x000003f8      0x103 rtos/list.o
 .debug_abbrev  0x000004fb      0x220 rtos/port.o
 .debug_abbrev  0x0000071b      0x41d rtos/tasks.o
 .debug_abbrev  0x00000b38       0x81 rtos/opencm3.o
 .debug_abbrev  0x00000bb9       0xd3 /home/trung/stm32f103c8t6/libopencm3/lib/libopencm3_stm32f1.a(gpio.o)
 .debug_abbrev  0x00000c8c      0x117 /home/trung/stm32f103c8t6/libopencm3/lib/libopencm3_stm32f1.a(gpio_common_all.o)
 .debug_abbrev  0x00000da3      0x2bf /home/trung/stm32f103c8t6/libopencm3/lib/libopencm3_stm32f1.a(rcc.o)
 .debug_abbrev  0x00001062      0x186 /home/trung/stm32f103c8t6/libopencm3/lib/libopencm3_stm32f1.a(rcc_common_all.o)
 .debug_abbrev  0x000011e8      0x149 /home/trung/stm32f103c8t6/libopencm3/lib/libopencm3_stm32f1.a(vector.o)
 .debug_abbrev  0x00001331       0x96 /home/trung/stm32f103c8t6/libopencm3/lib/libopencm3_stm32f1.a(flash_common_all.o)

.debug_loclists
                0x00000000     0x1416
 .debug_loclists
                0x00000000       0x3f main.o
 .debug_loclists
                0x0000003f      0x2df rtos/heap_4.o
 .debug_loclists
                0x0000031e       0x77 rtos/list.o
 .debug_loclists
                0x00000395       0x82 rtos/port.o
 .debug_loclists
                0x00000417      0xa75 rtos/tasks.o
 .debug_loclists
                0x00000e8c       0xd5 /home/trung/stm32f103c8t6/libopencm3/lib/libopencm3_stm32f1.a(gpio.o)
 .debug_loclists
                0x00000f61       0x96 /home/trung/stm32f103c8t6/libopencm3/lib/libopencm3_stm32f1.a(gpio_common_all.o)
 .debug_loclists
                0x00000ff7      0x2cb /home/trung/stm32f103c8t6/libopencm3/lib/libopencm3_stm32f1.a(rcc.o)
 .debug_loclists
                0x000012c2       0x87 /home/trung/stm32f103c8t6/libopencm3/lib/libopencm3_stm32f1.a(rcc_common_all.o)
 .debug_loclists
                0x00001349       0xb6 /home/trung/stm32f103c8t6/libopencm3/lib/libopencm3_stm32f1.a(vector.o)
 .debug_loclists
                0x000013ff       0x17 /home/trung/stm32f103c8t6/libopencm3/lib/libopencm3_stm32f1.a(flash_common_all.o)

.debug_aranges  0x00000000      0x538
 .debug_aranges
                0x00000000       0x30 main.o
 .debug_aranges
                0x00000030       0x48 rtos/heap_4.o
 .debug_aranges
                0x00000078       0x40 rtos/list.o
 .debug_aranges
                0x000000b8       0x70 rtos/port.o
 .debug_aranges
                0x00000128      0x100 rtos/tasks.o
 .debug_aranges
                0x00000228       0x30 rtos/opencm3.o
 .debug_aranges
                0x00000258       0x38 /home/trung/stm32f103c8t6/libopencm3/lib/libopencm3_stm32f1.a(gpio.o)
 .debug_aranges
                0x00000290       0x50 /home/trung/stm32f103c8t6/libopencm3/lib/libopencm3_stm32f1.a(gpio_common_all.o)
 .debug_aranges
                0x000002e0      0x170 /home/trung/stm32f103c8t6/libopencm3/lib/libopencm3_stm32f1.a(rcc.o)
 .debug_aranges
                0x00000450       0x80 /home/trung/stm32f103c8t6/libopencm3/lib/libopencm3_stm32f1.a(rcc_common_all.o)
 .debug_aranges
                0x000004d0       0x30 /home/trung/stm32f103c8t6/libopencm3/lib/libopencm3_stm32f1.a(vector.o)
 .debug_aranges
                0x00000500       0x38 /home/trung/stm32f103c8t6/libopencm3/lib/libopencm3_stm32f1.a(flash_common_all.o)

.debug_rnglists
                0x00000000      0x495
 .debug_rnglists
                0x00000000       0x1f main.o
 .debug_rnglists
                0x0000001f       0x32 rtos/heap_4.o
 .debug_rnglists
                0x00000051       0x2b rtos/list.o
 .debug_rnglists
                0x0000007c       0x5b rtos/port.o
 .debug_rnglists
                0x000000d7      0x143 rtos/tasks.o
 .debug_rnglists
                0x0000021a       0x1f rtos/opencm3.o
 .debug_rnglists
                0x00000239       0x25 /home/trung/stm32f103c8t6/libopencm3/lib/libopencm3_stm32f1.a(gpio.o)
 .debug_rnglists
                0x0000025e       0x37 /home/trung/stm32f103c8t6/libopencm3/lib/libopencm3_stm32f1.a(gpio_common_all.o)
 .debug_rnglists
                0x00000295      0x160 /home/trung/stm32f103c8t6/libopencm3/lib/libopencm3_stm32f1.a(rcc.o)
 .debug_rnglists
                0x000003f5       0x5b /home/trung/stm32f103c8t6/libopencm3/lib/libopencm3_stm32f1.a(rcc_common_all.o)
 .debug_rnglists
                0x00000450       0x20 /home/trung/stm32f103c8t6/libopencm3/lib/libopencm3_stm32f1.a(vector.o)
 .debug_rnglists
                0x00000470       0x25 /home/trung/stm32f103c8t6/libopencm3/lib/libopencm3_stm32f1.a(flash_common_all.o)

.debug_line     0x00000000     0x338b
 .debug_line    0x00000000      0x1a9 main.o
 .debug_line    0x000001a9      0x3cd rtos/heap_4.o
 .debug_line    0x00000576      0x218 rtos/list.o
 .debug_line    0x0000078e      0x2a2 rtos/port.o
 .debug_line    0x00000a30      0xfbf rtos/tasks.o
 .debug_line    0x000019ef       0x6b rtos/opencm3.o
 .debug_line    0x00001a5a      0x293 /home/trung/stm32f103c8t6/libopencm3/lib/libopencm3_stm32f1.a(gpio.o)
 .debug_line    0x00001ced      0x27b /home/trung/stm32f103c8t6/libopencm3/lib/libopencm3_stm32f1.a(gpio_common_all.o)
 .debug_line    0x00001f68      0xc28 /home/trung/stm32f103c8t6/libopencm3/lib/libopencm3_stm32f1.a(rcc.o)
 .debug_line    0x00002b90      0x322 /home/trung/stm32f103c8t6/libopencm3/lib/libopencm3_stm32f1.a(rcc_common_all.o)
 .debug_line    0x00002eb2      0x2ad /home/trung/stm32f103c8t6/libopencm3/lib/libopencm3_stm32f1.a(vector.o)
 .debug_line    0x0000315f      0x22c /home/trung/stm32f103c8t6/libopencm3/lib/libopencm3_stm32f1.a(flash_common_all.o)

.debug_str      0x00000000     0xef20
 .debug_str     0x00000000     0xef20 main.o
                                0x5e7 (size before relaxing)
 .debug_str     0x0000ef20      0x35a rtos/heap_4.o
 .debug_str     0x0000ef20      0x2a9 rtos/list.o
 .debug_str     0x0000ef20      0x303 rtos/port.o
 .debug_str     0x0000ef20      0xb6f rtos/tasks.o
 .debug_str     0x0000ef20      0x1cc rtos/opencm3.o
 .debug_str     0x0000ef20     0x8334 /home/trung/stm32f103c8t6/libopencm3/lib/libopencm3_stm32f1.a(gpio.o)
 .debug_str     0x0000ef20     0x8332 /home/trung/stm32f103c8t6/libopencm3/lib/libopencm3_stm32f1.a(gpio_common_all.o)
 .debug_str     0x0000ef20     0x7f94 /home/trung/stm32f103c8t6/libopencm3/lib/libopencm3_stm32f1.a(rcc.o)
 .debug_str     0x0000ef20     0x7697 /home/trung/stm32f103c8t6/libopencm3/lib/libopencm3_stm32f1.a(rcc_common_all.o)
 .debug_str     0x0000ef20     0x6383 /home/trung/stm32f103c8t6/libopencm3/lib/libopencm3_stm32f1.a(vector.o)
 .debug_str     0x0000ef20     0x5282 /home/trung/stm32f103c8t6/libopencm3/lib/libopencm3_stm32f1.a(flash_common_all.o)

.comment        0x00000000       0x26
 .comment       0x00000000       0x26 main.o
                                 0x27 (size before relaxing)
 .comment       0x00000026       0x27 rtos/heap_4.o
 .comment       0x00000026       0x27 rtos/list.o
 .comment       0x00000026       0x27 rtos/port.o
 .comment       0x00000026       0x27 rtos/tasks.o
 .comment       0x00000026       0x27 rtos/opencm3.o
 .comment       0x00000026       0x27 /home/trung/stm32f103c8t6/libopencm3/lib/libopencm3_stm32f1.a(gpio.o)
 .comment       0x00000026       0x27 /home/trung/stm32f103c8t6/libopencm3/lib/libopencm3_stm32f1.a(gpio_common_all.o)
 .comment       0x00000026       0x27 /home/trung/stm32f103c8t6/libopencm3/lib/libopencm3_stm32f1.a(rcc.o)
 .comment       0x00000026       0x27 /home/trung/stm32f103c8t6/libopencm3/lib/libopencm3_stm32f1.a(rcc_common_all.o)
 .comment       0x00000026       0x27 /home/trung/stm32f103c8t6/libopencm3/lib/libopencm3_stm32f1.a(vector.o)
 .comment       0x00000026       0x27 /home/trung/stm32f103c8t6/libopencm3/lib/libopencm3_stm32f1.a(flash_common_all.o)

.ARM.attributes
                0x00000000       0x2d
 .ARM.attributes
                0x00000000       0x2d main.o
 .ARM.attributes
                0x0000002d       0x2d rtos/heap_4.o
 .ARM.attributes
                0x0000005a       0x2d rtos/list.o
 .ARM.attributes
                0x00000087       0x2d rtos/port.o
 .ARM.attributes
                0x000000b4       0x2d rtos/tasks.o
 .ARM.attributes
                0x000000e1       0x2d rtos/opencm3.o
 .ARM.attributes
                0x0000010e       0x2d /home/trung/stm32f103c8t6/libopencm3/lib/libopencm3_stm32f1.a(gpio.o)
 .ARM.attributes
                0x0000013b       0x2d /home/trung/stm32f103c8t6/libopencm3/lib/libopencm3_stm32f1.a(gpio_common_all.o)
 .ARM.attributes
                0x00000168       0x2d /home/trung/stm32f103c8t6/libopencm3/lib/libopencm3_stm32f1.a(rcc.o)
 .ARM.attributes
                0x00000195       0x2d /home/trung/stm32f103c8t6/libopencm3/lib/libopencm3_stm32f1.a(rcc_common_all.o)
 .ARM.attributes
                0x000001c2       0x2d /home/trung/stm32f103c8t6/libopencm3/lib/libopencm3_stm32f1.a(vector.o)
 .ARM.attributes
                0x000001ef       0x2d /home/trung/stm32f103c8t6/libopencm3/lib/libopencm3_stm32f1.a(flash_common_all.o)

.debug_frame    0x00000000      0xad4
 .debug_frame   0x00000000       0x50 main.o
 .debug_frame   0x00000050       0x98 rtos/heap_4.o
 .debug_frame   0x000000e8       0x6c rtos/list.o
 .debug_frame   0x00000154       0xd0 rtos/port.o
 .debug_frame   0x00000224      0x2fc rtos/tasks.o
 .debug_frame   0x00000520       0x40 rtos/opencm3.o
 .debug_frame   0x00000560       0x60 /home/trung/stm32f103c8t6/libopencm3/lib/libopencm3_stm32f1.a(gpio.o)
 .debug_frame   0x000005c0       0x80 /home/trung/stm32f103c8t6/libopencm3/lib/libopencm3_stm32f1.a(gpio_common_all.o)
 .debug_frame   0x00000640      0x318 /home/trung/stm32f103c8t6/libopencm3/lib/libopencm3_stm32f1.a(rcc.o)
 .debug_frame   0x00000958       0xe0 /home/trung/stm32f103c8t6/libopencm3/lib/libopencm3_stm32f1.a(rcc_common_all.o)
 .debug_frame   0x00000a38       0x4c /home/trung/stm32f103c8t6/libopencm3/lib/libopencm3_stm32f1.a(vector.o)
 .debug_frame   0x00000a84       0x50 /home/trung/stm32f103c8t6/libopencm3/lib/libopencm3_stm32f1.a(flash_common_all.o)

.debug_macro    0x00000000     0x32f1
 .debug_macro   0x00000000       0x6f /home/trung/stm32f103c8t6/libopencm3/lib/libopencm3_stm32f1.a(gpio.o)
 .debug_macro   0x0000006f      0xac0 /home/trung/stm32f103c8t6/libopencm3/lib/libopencm3_stm32f1.a(gpio.o)
 .debug_macro   0x00000b2f       0x1c /home/trung/stm32f103c8t6/libopencm3/lib/libopencm3_stm32f1.a(gpio.o)
 .debug_macro   0x00000b4b      0x34e /home/trung/stm32f103c8t6/libopencm3/lib/libopencm3_stm32f1.a(gpio.o)
 .debug_macro   0x00000e99       0x22 /home/trung/stm32f103c8t6/libopencm3/lib/libopencm3_stm32f1.a(gpio.o)
 .debug_macro   0x00000ebb       0xe8 /home/trung/stm32f103c8t6/libopencm3/lib/libopencm3_stm32f1.a(gpio.o)
 .debug_macro   0x00000fa3       0x76 /home/trung/stm32f103c8t6/libopencm3/lib/libopencm3_stm32f1.a(gpio.o)
 .debug_macro   0x00001019      0x1b4 /home/trung/stm32f103c8t6/libopencm3/lib/libopencm3_stm32f1.a(gpio.o)
 .debug_macro   0x000011cd       0x76 /home/trung/stm32f103c8t6/libopencm3/lib/libopencm3_stm32f1.a(gpio.o)
 .debug_macro   0x00001243      0xe2e /home/trung/stm32f103c8t6/libopencm3/lib/libopencm3_stm32f1.a(gpio.o)
 .debug_macro   0x00002071       0x6f /home/trung/stm32f103c8t6/libopencm3/lib/libopencm3_stm32f1.a(gpio_common_all.o)
 .debug_macro   0x000020e0       0x9e /home/trung/stm32f103c8t6/libopencm3/lib/libopencm3_stm32f1.a(rcc.o)
 .debug_macro   0x0000217e       0x16 /home/trung/stm32f103c8t6/libopencm3/lib/libopencm3_stm32f1.a(rcc.o)
 .debug_macro   0x00002194      0x8c6 /home/trung/stm32f103c8t6/libopencm3/lib/libopencm3_stm32f1.a(rcc.o)
 .debug_macro   0x00002a5a       0xee /home/trung/stm32f103c8t6/libopencm3/lib/libopencm3_stm32f1.a(rcc.o)
 .debug_macro   0x00002b48       0x82 /home/trung/stm32f103c8t6/libopencm3/lib/libopencm3_stm32f1.a(rcc.o)
 .debug_macro   0x00002bca       0x85 /home/trung/stm32f103c8t6/libopencm3/lib/libopencm3_stm32f1.a(rcc_common_all.o)
 .debug_macro   0x00002c4f       0x86 /home/trung/stm32f103c8t6/libopencm3/lib/libopencm3_stm32f1.a(vector.o)
 .debug_macro   0x00002cd5      0x395 /home/trung/stm32f103c8t6/libopencm3/lib/libopencm3_stm32f1.a(vector.o)
 .debug_macro   0x0000306a       0x6e /home/trung/stm32f103c8t6/libopencm3/lib/libopencm3_stm32f1.a(vector.o)
 .debug_macro   0x000030d8      0x1a2 /home/trung/stm32f103c8t6/libopencm3/lib/libopencm3_stm32f1.a(vector.o)
 .debug_macro   0x0000327a       0x77 /home/trung/stm32f103c8t6/libopencm3/lib/libopencm3_stm32f1.a(flash_common_all.o)
